---
source: src/algorithms/capture.rs
expression: tags
---
[
    [
        (
            Equal,
            7..10,
            7..10,
        ),
        (
            Replace,
            10..11,
            10..11,
        ),
        (
            Equal,
            11..13,
            11..13,
        ),
        (
            Replace,
            13..14,
            13..14,
        ),
        (
            Equal,
            14..16,
            14..16,
        ),
        (
            Replace,
            16..17,
            16..17,
        ),
        (
            Equal,
            17..20,
            17..20,
        ),
    ],
    [
        (
            Equal,
            31..34,
            31..34,
        ),
        (
            Replace,
            34..35,
            34..35,
        ),
        (
            Equal,
            35..38,
            35..38,
        ),
    ],
]
