---
source: src/algorithms/patience.rs
expression: d.into_inner().ops()
---
[
    Equal {
        old_index: 0,
        new_index: 0,
        len: 3,
    },
    Delete {
        old_index: 3,
        old_len: 1,
        new_index: 3,
    },
]
